[websmirno.site/viktor/plumbio/index.html]
[backblue.gif]
[fade.gif]
[index.html]
[websmirno.site/viktor/plumbio/images/favicon.png]
[websmirno.site/viktor/plumbio/index-2.html]
[websmirno.site/viktor/plumbio/about.html]
[websmirno.site/viktor/plumbio/testimonials.html]
[websmirno.site/viktor/plumbio/services.html]
[websmirno.site/viktor/plumbio/services-item01.html]
[websmirno.site/viktor/plumbio/services-item03.html]
[websmirno.site/viktor/plumbio/services-item02.html]
[websmirno.site/viktor/plumbio/price.html]
[websmirno.site/viktor/plumbio/faq.html]
[websmirno.site/viktor/plumbio/blog.html]
[websmirno.site/viktor/plumbio/single-post.html]
[websmirno.site/viktor/plumbio/shop.html]
[websmirno.site/viktor/plumbio/shop-item.html]
[websmirno.site/viktor/plumbio/contact.html]
[websmirno.site/viktor/plumbio/contacts-coverage.html]
[websmirno.site/viktor/plumbio/ajax-content/modal__schedule.html]
[websmirno.site/viktor/plumbio/ajax-content/header-popup.html]
[websmirno.site/viktor/plumbio/images/mainslide-01__bg.jpg]
[websmirno.site/viktor/plumbio/images/mainslide-02__bg.jpg]
[websmirno.site/viktor/plumbio/images/label-01_bg.png]
[websmirno.site/viktor/plumbio/images/bg-01.jpg]
[websmirno.site/viktor/plumbio/ajax-content/tab01-01.html]
[websmirno.site/viktor/plumbio/ajax-content/tab01-02.html]
[websmirno.site/viktor/plumbio/images/additional_img02.png]
[websmirno.site/viktor/plumbio/images/bg-02.jpg]
[websmirno.site/viktor/plumbio/images/layout02_bg02.jpg]
[websmirno.site/viktor/plumbio/images/layout02_bg03.jpg]
[websmirno.site/viktor/plumbio/images/map-footer.jpg]
[websmirno.site/viktor/plumbio/images/map-footer.png]
[websmirno.site/viktor/plumbio/js/bundle.js]
[websmirno.site/viktor/plumbio/index.html]
[websmirno.site/viktor/plumbio/images/popup-wrapper.jpg]
[websmirno.site/viktor/plumbio/css/style.css]
[websmirno.site/viktor/plumbio/index-2.html]
[websmirno.site/viktor/plumbio/images/pagetitle_bg01.jpg]
[websmirno.site/viktor/plumbio/images/signature-img01.png]
[websmirno.site/viktor/plumbio/images/layout02_bg01.jpg]
[websmirno.site/viktor/plumbio/images/layout03-map.png]
[websmirno.site/viktor/plumbio/images/gallery01__img01.jpg]
[websmirno.site/viktor/plumbio/images/gallery01__img02.jpg]
[websmirno.site/viktor/plumbio/images/gallery01__img03.jpg]
[websmirno.site/viktor/plumbio/images/gallery01__img04.jpg]
[websmirno.site/viktor/plumbio/images/gallery01__img05.jpg]
[websmirno.site/viktor/plumbio/images/gallery01__img06.jpg]
[websmirno.site/viktor/plumbio/images/certificates-img01.jpg]
[websmirno.site/viktor/plumbio/images/certificates-img02.jpg]
[websmirno.site/viktor/plumbio/images/certificates-img03.jpg]
[websmirno.site/viktor/plumbio/images/certificates-img04.jpg]
[websmirno.site/viktor/plumbio/images/extra-bg01-sm.webp]
[websmirno.site/viktor/plumbio/about.html]
[websmirno.site/viktor/plumbio/images/testimonials_video_1.jpg]
[websmirno.site/viktor/plumbio/images/video.mp4]
[websmirno.site/viktor/plumbio/images/testimonials_video_2.jpg]
[websmirno.site/viktor/plumbio/images/testimonials_video_3.jpg]
[websmirno.site/viktor/plumbio/images/testimonials_video_4.jpg]
[websmirno.site/viktor/plumbio/images/testimonials_video_1-small.jpg]
[websmirno.site/viktor/plumbio/images/testimonials_video_2-small.jpg]
[websmirno.site/viktor/plumbio/images/testimonials_video_3-small.jpg]
[websmirno.site/viktor/plumbio/images/testimonials_video_4-small.jpg]
[websmirno.site/viktor/plumbio/testimonials.html]
[websmirno.site/viktor/plumbio/images/tab-img01.jpg]
[websmirno.site/viktor/plumbio/images/tab-img02.jpg]
[websmirno.site/viktor/plumbio/images/tab-img03.jpg]
[websmirno.site/viktor/plumbio/images/tab-img04.jpg]
[websmirno.site/viktor/plumbio/images/tab-img05.jpg]
[websmirno.site/viktor/plumbio/images/tab-img06.jpg]
[websmirno.site/viktor/plumbio/images/coupon-bg.png]
[websmirno.site/viktor/plumbio/images/tab02-img01.jpg]
[websmirno.site/viktor/plumbio/product.html]
[websmirno.site/viktor/plumbio/services.html]
[websmirno.site/viktor/plumbio/images/services_img01.jpg]
[websmirno.site/viktor/plumbio/images/promo_img01.png]
[websmirno.site/viktor/plumbio/images/extra-bg01.png]
[websmirno.site/viktor/plumbio/services-item01.html]
[websmirno.site/viktor/plumbio/images/services_img03.jpg]
[websmirno.site/viktor/plumbio/services-item03.html]
[websmirno.site/viktor/plumbio/images/services_img02.jpg]
[websmirno.site/viktor/plumbio/services-item02.html]
[websmirno.site/viktor/plumbio/images/bg-04.jpg]
[websmirno.site/viktor/plumbio/external/no-ui-slider/nouislider.min.js]
[websmirno.site/viktor/plumbio/price.html]
[websmirno.site/viktor/plumbio/faq.html]
[websmirno.site/viktor/plumbio/images/post-img03.jpg]
[websmirno.site/viktor/plumbio/images/post-img04.jpg]
[websmirno.site/viktor/plumbio/images/post-img05.jpg]
[websmirno.site/viktor/plumbio/external/vanilla-calendar-master/src/vanilla-calendar-min.js]
[websmirno.site/viktor/plumbio/include-separate/blog/init-calendar.js]
[websmirno.site/viktor/plumbio/blog.html]
[websmirno.site/viktor/plumbio/single-post.html]
[websmirno.site/viktor/plumbio/images/product/product-02.jpg]
[websmirno.site/viktor/plumbio/images/product/product-03.jpg]
[websmirno.site/viktor/plumbio/include-separate/shop/init-priceslider.js]
[websmirno.site/viktor/plumbio/include-separate/shop/toggle-aside-listing.js]
[websmirno.site/viktor/plumbio/shop.html]
[websmirno.site/viktor/plumbio/images/product/product-13.jpg]
[websmirno.site/viktor/plumbio/images/product/product-13_thumbnail.jpg]
[websmirno.site/viktor/plumbio/images/product/product-13_02.jpg]
[websmirno.site/viktor/plumbio/images/product/product-13_02_thumbnail.jpg]
[websmirno.site/viktor/plumbio/images/product/product-13_03.jpg]
[websmirno.site/viktor/plumbio/images/product/product-13_03_thumbnail.jpg]
[websmirno.site/viktor/plumbio/images/product/product-13_04.jpg]
[websmirno.site/viktor/plumbio/images/product/product-13_04_thumbnail.jpg]
[websmirno.site/viktor/plumbio/include-separate/shop/init-counter.js]
[websmirno.site/viktor/plumbio/include-separate/shop/gallery-item.js]
[websmirno.site/viktor/plumbio/shop-item.html]
[websmirno.site/viktor/plumbio/images/section-map-contact.png]
[websmirno.site/viktor/plumbio/contact.html]
[websmirno.site/viktor/plumbio/images/section-map-cover.png]
[websmirno.site/viktor/plumbio/contacts-coverage.html]
[websmirno.site/viktor/plumbio/ajax-content/modal__schedule.html]
[websmirno.site/viktor/plumbio/ajax-content/index.60.delayed]
[websmirno.site/viktor/plumbio/ajax-content/about.html]
[websmirno.site/viktor/plumbio/ajax-content/testimonials.html]
[websmirno.site/viktor/plumbio/ajax-content/services.html]
[websmirno.site/viktor/plumbio/ajax-content/services-item01.html]
[websmirno.site/viktor/plumbio/ajax-content/services-item02.html]
[websmirno.site/viktor/plumbio/ajax-content/services-item03.html]
[websmirno.site/viktor/plumbio/ajax-content/price.html]
[websmirno.site/viktor/plumbio/ajax-content/faq.html]
[websmirno.site/viktor/plumbio/ajax-content/blog.html]
[websmirno.site/viktor/plumbio/ajax-content/single-post.html]
[websmirno.site/viktor/plumbio/ajax-content/shop.html]
[websmirno.site/viktor/plumbio/ajax-content/shop-item.html]
[websmirno.site/viktor/plumbio/ajax-content/contact.html]
[websmirno.site/viktor/plumbio/ajax-content/contacts-coverage.html]
[websmirno.site/viktor/plumbio/ajax-content/ajax-content/modal__schedule.html]
[websmirno.site/viktor/plumbio/ajax-content/header-popup.html]
[websmirno.site/viktor/plumbio/ajax-content/tab01-01.html]
[websmirno.site/viktor/plumbio/ajax-content/tab01-02.html]
[websmirno.site/viktor/plumbio/include-separate/shop/shop.css]
[websmirno.site/viktor/plumbio/product.html]
[websmirno.site/viktor/plumbio/images/post_bg_img.png]
[websmirno.site/viktor/plumbio/include-separate/blog/style-blog.css]
[websmirno.site/viktor/plumbio/ajax-content/index.html]
[websmirno.site/viktor/plumbio/ajax-content/about.html]
[websmirno.site/viktor/plumbio/ajax-content/testimonials.html]
[websmirno.site/viktor/plumbio/ajax-content/services.html]
[websmirno.site/viktor/plumbio/ajax-content/services-item01.html]
[websmirno.site/viktor/plumbio/ajax-content/services-item02.html]
[websmirno.site/viktor/plumbio/ajax-content/services-item03.html]
[websmirno.site/viktor/plumbio/ajax-content/price.html]
[websmirno.site/viktor/plumbio/ajax-content/faq.html]
[websmirno.site/viktor/plumbio/ajax-content/blog.html]
[websmirno.site/viktor/plumbio/ajax-content/single-post.html]
[websmirno.site/viktor/plumbio/ajax-content/shop.html]
[websmirno.site/viktor/plumbio/ajax-content/shop-item.html]
[websmirno.site/viktor/plumbio/ajax-content/contact.html]
[websmirno.site/viktor/plumbio/ajax-content/contacts-coverage.html]
[websmirno.site/viktor/plumbio/ajax-content/ajax-content/modal__schedule.html]
